  Fri Jun 11 2021 19:43                                                Page 1


                     ***************************************
                     **      WDC 65C816 Macro Assembler   **
                     **                                   **
                     **     Version 3.49.1- Feb  6 2006    **
                     ***************************************

     1                        ;:ts=8
     2             00000001   R0	equ	1
     3             00000005   R1	equ	5
     4             00000009   R2	equ	9
     5             0000000D   R3	equ	13
     6                        	.file	"G:\devprojects\c256Foenix\fxos\FXOSWork
                    space\FXAPP\src\fxwinapp.c",0
     7                        ;
     8                        ;
     9                        ;#include "fxwinapp.h"
    10                        	.file	"G:\devprojects\c256Foenix\fxos\FXOSWork
                    space\FXAPP\src\fxwinapp.h",0
    11                        	.file	"G:\devprojects\c256Foenix\fxos\FXOSWork
                    space\FXAPP\src\fxtypes.h",0
    12                        	.stag	_fx_bytebits,8,1
    13                        	.member	b7,0,14,17,1
    14                        	.member	b6,1,14,17,1
    15                        	.member	b5,2,14,17,1
    16                        	.member	b4,3,14,17,1
    17                        	.member	b3,4,14,17,1
    18                        	.member	b2,5,14,17,1
    19                        	.member	b1,6,14,17,1
    20                        	.member	b0,7,14,17,1
    21                        	.eos
    22                        	.stag	_fx_node,384,2
    23                        	.member	type,0,14,8,8
    24                        	.member	Reserved0,8,14,8,8
    25                        	.member	data,16,129,8,32
    26                        	.member	last,48,138,8,32,2
    27                        	.member	next,80,138,8,32,2
    28                        	.member	name,112,110,8,0,32
    29                        	.member	Reserved1,368,16,8,16
    30                        	.eos
    31                        	.stag	_fx_nodelist,96,3
    32                        	.member	listhead,0,138,8,32,2
    33                        	.member	listData,32,129,8,32
    34                        	.member	deallocator,64,641,8,32
    35                        	.eos
    36                        	.stag	_fx_queue,80,4
    37                        	.member	count,0,5,8,16
    38                        	.member	front,16,138,8,32,2
    39                        	.member	rear,48,138,8,32,2
    40                        	.eos
    41                        	.stag	fake5_,32,5
    42                        	.member	subsystem,0,14,8,8
    43                        	.member	level,8,14,8,8
    44                        	.member	error,16,16,8,16
    45                        	.eos
    46                        	.stag	_fx_process_signal,16,6
    47                        	.member	cbSize,0,16,8,16
    48                        	.eos
    49                        	.stag	_fx_semaphore,16,7
  Fri Jun 11 2021 19:43                                                Page 2


    50                        	.member	reserved,0,5,8,16
    51                        	.eos
    52                        	.stag	_fx_fileBlock,552,8
    53                        	.member	openCount,0,16,8,16
    54                        	.member	lockCount,16,16,8,16
    55                        	.member	dirty,32,14,8,8
    56                        	.member	fileBuffer,40,110,8,0,64
    57                        	.eos
    58                        	.stag	_fx_irq_data,48,9
    59                        	.member	line,0,5,8,16
    60                        	.member	keycode,16,142,8,32
    61                        	.eos
    62                        	.stag	_task,48,10
    63                        	.member	SPL,0,14,8,8
    64                        	.member	SPH,8,14,8,8
    65                        	.member	pstack,16,142,8,32
    66                        	.eos
    67                        	.stag	_task_stack,32,11
    68                        	.member	SS,0,142,8,32
    69                        	.eos
    70                        	.stag	int_regs,104,12
    71                        	.member	PB,0,14,8,8
    72                        	.member	PH,8,14,8,8
    73                        	.member	PL,16,14,8,8
    74                        	.member	PP,24,14,8,8
    75                        	.member	DB,32,14,8,8
    76                        	.member	DH,40,14,8,8
    77                        	.member	DL,48,14,8,8
    78                        	.member	AH,56,14,8,8
    79                        	.member	AL,64,14,8,8
    80                        	.member	XH,72,14,8,8
    81                        	.member	XL,80,14,8,8
    82                        	.member	YH,88,14,8,8
    83                        	.member	YL,96,14,8,8
    84                        	.eos
    85                        	.stag	_fx_eventMessage,304,13
    86                        	.member	src,0,18,8,32
    87                        	.member	dest,32,18,8,32
    88                        	.member	type,64,16,8,16
    89                        	.member	hwnd,80,129,8,32
    90                        	.member	pheap,112,129,8,32
    91                        	.member	msgTime,144,18,8,32
    92                        	.member	data,176,110,8,0,16
    93                        	.eos
    94                        	.stag	_fx_cmdMessage,304,14
    95                        	.member	src,0,18,8,32
    96                        	.member	dest,32,18,8,32
    97                        	.member	type,64,16,8,16
    98                        	.member	hwnd,80,129,8,32
    99                        	.member	pheap,112,129,8,32
   100                        	.member	msgTime,144,18,8,32
   101                        	.member	cmdCId,176,16,8,16
   102                        	.member	cmdMId,192,16,8,16
   103                        	.member	parameter1,208,18,8,32
   104                        	.member	parameter2,240,18,8,32
   105                        	.member	parameter3,272,18,8,32
   106                        	.eos
   107                        	.stag	_fx_console_ctl,448,15
  Fri Jun 11 2021 19:43                                                Page 3


   108                        	.member	maxCols,0,5,8,16
   109                        	.member	maxRows,16,5,8,16
   110                        	.member	curX,32,5,8,16
   111                        	.member	curY,48,5,8,16
   112                        	.member	fgColor,64,5,8,16
   113                        	.member	bgColor,80,5,8,16
   114                        	.member	mode,96,14,8,8
   115                        	.member	kbBuffer,104,101,8,0,16
   116                        	.member	screenBuffer,360,142,8,32
   117                        	.member	desktopMode,392,14,8,8
   118                        	.member	lastMouseButton,400,5,8,16
   119                        	.member	lastMouseX,416,5,8,16
   120                        	.member	lastMouseY,432,5,8,16
   121                        	.eos
   122                        	.stag	_fx_desktop_ctl,392,16
   123                        	.member	desktopMode,0,14,8,8
   124                        	.member	cursorCtl,8,5,8,16
   125                        	.member	cursorState,24,5,8,16
   126                        	.member	backgroundColor,40,5,8,16
   127                        	.member	foregroundColor,56,5,8,16
   128                        	.member	menuMode,72,5,8,16
   129                        	.member	lastMouseButton,88,5,8,16
   130                        	.member	lastMouseX,104,5,8,16
   131                        	.member	lastMouseY,120,5,8,16
   132                        	.member	currentDiskName,136,142,8,32
   133                        	.member	diskNodes,168,129,8,32
   134                        	.member	titleNodes,200,129,8,32
   135                        	.member	menuNodes,232,129,8,32
   136                        	.member	iconNodes,264,129,8,32
   137                        	.member	windowNodes,296,129,8,32
   138                        	.member	fontNodes,328,129,8,32
   139                        	.member	wndProc,360,138,8,32,3
   140                        	.eos
   141                        	.stag	_fx_process,800,17
   142                        	.member	cbSize,0,5,8,16
   143                        	.member	procId,16,18,8,32
   144                        	.member	parentId,48,18,8,32
   145                        	.member	ctx,80,129,8,32
   146                        	.member	userId,112,16,8,16
   147                        	.member	status,128,16,8,16
   148                        	.member	foregroundActive,144,14,8,8
   149                        	.member	tls,152,1121,8,32,8
   150                        	.member	commandLine,408,142,8,32
   151                        	.member	semaphores,440,138,8,32,3
   152                        	.member	fileHandles,472,138,8,32,3
   153                        	.member	pathList,504,138,8,32,3
   154                        	.member	resources,536,138,8,32,3
   155                        	.member	timerAware,568,14,8,8
   156                        	.member	timerTicks,576,112,8,0,2
   157                        	.member	timerTickCount,608,112,8,0,2
   158                        	.member	kernelError,640,10,8,32,5
   159                        	.member	consoleCtl,672,138,8,32,15
   160                        	.member	desktopCtl,704,138,8,32,16
   161                        	.member	execProc,736,641,8,32
   162                        	.member	startupArgs,768,129,8,32
   163                        	.eos
   164                        	.stag	_fxProcessMessage,112,18
   165                        	.member	src,0,18,8,32
  Fri Jun 11 2021 19:43                                                Page 4


   166                        	.member	dest,32,18,8,32
   167                        	.member	type,64,16,8,16
   168                        	.member	processInfo,80,138,8,32,17
   169                        	.eos
   170                        	.stag	_fx_property,384,19
   171                        	.member	name,0,110,8,0,16
   172                        	.member	value,128,110,8,0,32
   173                        	.eos
   174                        	.utag	_24bitPointer,32,20
   175                        	.member	address,0,142,11,32
   176                        	.member	bytes,0,110,11,0,4
   177                        	.eos
   178                        	.stag	_PointStruct,32,21
   179                        	.member	x,0,5,8,16
   180                        	.member	y,16,5,8,16
   181                        	.eos
   182                        	.stag	_RectStruct,112,22
   183                        	.member	x,0,5,8,16
   184                        	.member	y,16,5,8,16
   185                        	.member	z,32,18,8,32
   186                        	.member	width,64,5,8,16
   187                        	.member	height,80,5,8,16
   188                        	.member	attr,96,5,8,16
   189                        	.eos
   190                        	.stag	fake23_,96,23
   191                        	.member	name,0,142,8,32
   192                        	.member	topLeft,32,10,8,32,21
   193                        	.member	bottomRight,64,10,8,32,21
   194                        	.eos
   195                        	.stag	fake24_,112,24
   196                        	.member	x,0,5,8,16
   197                        	.member	y,16,5,8,16
   198                        	.member	z,32,5,8,16
   199                        	.member	width,48,5,8,16
   200                        	.member	height,64,5,8,16
   201                        	.member	data,80,18,8,32
   202                        	.eos
   203                        	.stag	_k_WindowClass,272,25
   204                        	.member	cbSize,0,16,8,16
   205                        	.member	style,16,16,8,16
   206                        	.member	styleEx,32,16,8,16
   207                        	.member	pWndProc,48,654,8,32
   208                        	.member	hInstance,80,129,8,32
   209                        	.member	hIcon,112,129,8,32
   210                        	.member	hCursor,144,129,8,32
   211                        	.member	hbrBackground,176,129,8,32
   212                        	.member	lpszMenuName,208,142,8,32
   213                        	.member	lpszClassName,240,142,8,32
   214                        	.eos
   215                        	.stag	_ClickableRect,152,26
   216                        	.member	area,0,10,8,112,22
   217                        	.member	z,112,18,8,32
   218                        	.member	enabled,144,14,8,8
   219                        	.eos
   220                        	.stag	_NCClickableRect,136,27
   221                        	.member	area,0,10,8,112,22
   222                        	.member	msgType,112,16,8,16
   223                        	.member	enabled,128,14,8,8
  Fri Jun 11 2021 19:43                                                Page 5


   224                        	.eos
   225                        	.stag	_DragData,216,28
   226                        	.member	area,0,10,8,112,22
   227                        	.member	xoffset,112,5,8,16
   228                        	.member	yoffset,128,5,8,16
   229                        	.member	msgType,144,16,8,16
   230                        	.member	ncAction,160,16,8,16
   231                        	.member	isDrag,176,14,8,8
   232                        	.member	isResize,184,14,8,8
   233                        	.member	canDrag,192,14,8,8
   234                        	.member	canDrop,200,14,8,8
   235                        	.member	didDrag,208,14,8,8
   236                        	.eos
   237                        	.stag	_k_WindowStruct,3904,29
   238                        	.member	cbSize,0,16,8,16
   239                        	.member	style,16,18,8,32
   240                        	.member	styleEx,48,18,8,32
   241                        	.member	win_id,80,5,8,16
   242                        	.member	win_x,96,5,8,16
   243                        	.member	win_y,112,5,8,16
   244                        	.member	win_width,128,5,8,16
   245                        	.member	win_height,144,5,8,16
   246                        	.member	win_xoffset,160,5,8,16
   247                        	.member	win_yoffset,176,5,8,16
   248                        	.member	win_cxoffset,192,5,8,16
   249                        	.member	win_cyoffset,208,5,8,16
   250                        	.member	wndRect,224,10,8,112,22
   251                        	.member	clientRect,336,10,8,112,22
   252                        	.member	nonclientGadgets,448,106,8,0,27,16
   253                        	.member	clickable,2624,129,8,32
   254                        	.member	win_title,2656,110,8,0,32
   255                        	.member	Reserved0,2912,16,8,16
   256                        	.member	win_class,2928,110,8,0,16
   257                        	.member	win_class_name,3056,110,8,0,32
   258                        	.member	nBitmapLayer,3312,16,8,16
   259                        	.member	bgRegion,3328,129,8,32
   260                        	.member	procid,3360,18,8,32
   261                        	.member	pWndClass,3392,138,8,32,25
   262                        	.member	pParentWindow,3424,129,8,32
   263                        	.member	hMenu,3456,129,8,32
   264                        	.member	hPointer,3488,129,8,32
   265                        	.member	hBackground,3520,129,8,32
   266                        	.member	pChildWindows,3552,138,8,32,3
   267                        	.member	pChildHitList,3584,138,8,32,3
   268                        	.member	isVisible,3616,14,8,8
   269                        	.member	windowData,3624,129,8,32
   270                        	.member	clientData,3656,1121,8,32,6
   271                        	.member	isClosed,3848,14,8,8
   272                        	.member	isClosing,3856,14,8,8
   273                        	.member	isDesktop,3864,14,8,8
   274                        	.member	clickableNode,3872,138,8,32,2
   275                        	.eos
   276                        	.stag	_k_WindowStructEx,3880,30
   277                        	.member	cbSize,0,16,8,16
   278                        	.member	style,16,18,8,32
   279                        	.member	styleEx,48,18,8,32
   280                        	.member	win_id,80,5,8,16
   281                        	.member	win_x,96,5,8,16
  Fri Jun 11 2021 19:43                                                Page 6


   282                        	.member	win_y,112,5,8,16
   283                        	.member	win_width,128,5,8,16
   284                        	.member	win_height,144,5,8,16
   285                        	.member	win_xoffset,160,5,8,16
   286                        	.member	win_yoffset,176,5,8,16
   287                        	.member	win_cxoffset,192,5,8,16
   288                        	.member	win_cyoffset,208,5,8,16
   289                        	.member	wndRect,224,10,8,112,22
   290                        	.member	clientRect,336,10,8,112,22
   291                        	.member	nonclientGadgets,448,106,8,0,27,16
   292                        	.member	clickable,2624,129,8,32
   293                        	.member	win_title,2656,110,8,0,32
   294                        	.member	Reserved0,2912,16,8,16
   295                        	.member	win_class,2928,110,8,0,16
   296                        	.member	nBitmapLayer,3056,16,8,16
   297                        	.member	procid,3072,18,8,32
   298                        	.member	pWndClass,3104,138,8,32,25
   299                        	.member	pParentWindow,3136,129,8,32
   300                        	.member	hMenu,3168,129,8,32
   301                        	.member	hPointer,3200,129,8,32
   302                        	.member	hBackground,3232,129,8,32
   303                        	.member	pChildWindows,3264,138,8,32,3
   304                        	.member	pChildHitList,3296,138,8,32,3
   305                        	.member	isVisible,3328,14,8,8
   306                        	.member	windowData,3336,129,8,32
   307                        	.member	clientData,3368,1121,8,32,4
   308                        	.member	isClosed,3496,14,8,8
   309                        	.member	hWnd,3504,129,8,32
   310                        	.member	localRect,3536,10,8,112,22
   311                        	.member	globalRect,3648,10,8,112,22
   312                        	.member	clientOffsetRect,3760,10,8,112,22
   313                        	.member	isDesktop,3872,14,8,8
   314                        	.eos
   315                        	.stag	_FontMetric,32,31
   316                        	.member	width,0,5,8,16
   317                        	.member	height,16,5,8,16
   318                        	.eos
   319                        	.stag	_MenuStruct,280,32
   320                        	.member	cx,0,5,8,16
   321                        	.member	cy,16,5,8,16
   322                        	.member	width,32,5,8,16
   323                        	.member	height,48,5,8,16
   324                        	.member	fcolor,64,14,8,8
   325                        	.member	bcolor,72,14,8,8
   326                        	.member	chromeLeft,80,14,8,8
   327                        	.member	chromeRight1,88,14,8,8
   328                        	.member	chromeRight2,96,14,8,8
   329                        	.member	hFont,104,129,8,32
   330                        	.member	itemId,136,16,8,16
   331                        	.member	pCaption,152,142,8,32
   332                        	.member	subMenus,184,138,8,32,3
   333                        	.member	pBackground,216,129,8,32
   334                        	.member	hWndOwner,248,129,8,32
   335                        	.eos
   336                        	.stag	fake33_,160,33
   337                        	.member	menuId,0,16,8,16
   338                        	.member	caption,16,142,8,32
   339                        	.member	rect,48,10,8,112,22
  Fri Jun 11 2021 19:43                                                Page 7


   340                        	.eos
   341                        	.stag	fake34_,5152,34
   342                        	.member	pParent,0,138,8,32,29
   343                        	.member	rect,32,10,8,112,22
   344                        	.member	captions,144,1134,8,32,24
   345                        	.member	chrome,912,110,8,0,24
   346                        	.member	ids,1104,112,8,0,24
   347                        	.member	clickable,1488,106,8,0,26,24
   348                        	.member	selected,5136,16,8,16
   349                        	.eos
   350                        	.stag	_fx_button_t,96,35
   351                        	.member	pCaption,0,142,8,32
   352                        	.member	cCaption,32,16,8,16
   353                        	.member	data,48,129,8,32
   354                        	.member	captionPixelWidth,80,16,8,16
   355                        	.eos
   356                        	.stag	_fx_scrollbar_t,240,36
   357                        	.member	min,0,16,8,16
   358                        	.member	max,16,16,8,16
   359                        	.member	increment,32,16,8,16
   360                        	.member	stopsize,48,16,8,16
   361                        	.member	location,64,5,8,16
   362                        	.member	state,80,5,8,16
   363                        	.member	rectThumb,96,10,8,112,22
   364                        	.member	data,208,129,8,32
   365                        	.eos
   366                        	.stag	_fx_listbox_t,240,37
   367                        	.member	pos,0,5,8,16
   368                        	.member	selected,16,16,8,16
   369                        	.member	offsetX,32,5,8,16
   370                        	.member	offsetY,48,5,8,16
   371                        	.member	inc,64,5,8,16
   372                        	.member	direction,80,5,8,16
   373                        	.member	top,96,5,8,16
   374                        	.member	bottom,112,5,8,16
   375                        	.member	indexTop,128,5,8,16
   376                        	.member	indexBottom,144,5,8,16
   377                        	.member	maxItems,160,16,8,16
   378                        	.member	fontSet,176,142,8,32
   379                        	.member	data,208,129,8,32
   380                        	.eos
   381                        	.stag	_fx_textbox_t,144,38
   382                        	.member	pos,0,5,8,16
   383                        	.member	selected,16,16,8,16
   384                        	.member	offsetX,32,5,8,16
   385                        	.member	offsetY,48,5,8,16
   386                        	.member	isShifted,64,14,8,8
   387                        	.member	cursorState,72,14,8,8
   388                        	.member	fontSet,80,142,8,32
   389                        	.member	data,112,129,8,32
   390                        	.eos
   391                        	.stag	_fx_msgbox_t,144,39
   392                        	.member	pos,0,5,8,16
   393                        	.member	selected,16,16,8,16
   394                        	.member	offsetX,32,5,8,16
   395                        	.member	offsetY,48,5,8,16
   396                        	.member	isShifted,64,14,8,8
   397                        	.member	cursorState,72,14,8,8
  Fri Jun 11 2021 19:43                                                Page 8


   398                        	.member	fontSet,80,142,8,32
   399                        	.member	data,112,129,8,32
   400                        	.eos
   401                        	.stag	_fx_menuAnchor_t,272,40
   402                        	.member	pCaption,0,142,8,32
   403                        	.member	renderLayoutX,32,16,8,16
   404                        	.member	renderLayoutY,48,16,8,16
   405                        	.member	captionPixelWidth,64,16,8,16
   406                        	.member	data,80,129,8,32
   407                        	.member	droppedWindow,112,138,8,32,29
   408                        	.member	bytes,144,110,8,0,16
   409                        	.eos
   410                        	.stag	_SubMenuStruct,64,41
   411                        	.member	caption,0,142,8,32
   412                        	.member	action,32,641,8,32
   413                        	.eos
   414                        	.stag	_SubMenuListStruct,40,42
   415                        	.member	cMenus,0,14,8,8
   416                        	.member	psubmenus,8,9354,8,32,41
   417                        	.eos
   418                        	.stag	_fx_ComBuffer,2080,43
   419                        	.member	cbSize,0,16,8,16
   420                        	.member	cbBuffer,16,16,8,16
   421                        	.member	buffer,32,110,8,0,256
   422                        	.eos
   423                        	.line	793
   424                        	.file	"G:\devprojects\c256Foenix\fxos\FXOSWork
                    space\FXAPP\src\fxwinapp.h",11
   425                        	.file	"G:\devprojects\c256Foenix\fxos\FXOSWork
                    space\FXAPP\src\fxos.h",0
   426                        	.file	"G:\devtools\WDCTools\wdc\Tools\include\
                    stdlib.h",0
   427                        	.file	"G:\devtools\WDCTools\wdc\Tools\include\
                    stddef.h",0
   428                        	.line	88
   429                        	.file	"G:\devtools\WDCTools\wdc\Tools\include\
                    stdlib.h",43
   430                        	.stag	fake44_,32,44
   431                        	.member	quot,0,5,8,16
   432                        	.member	rem,16,5,8,16
   433                        	.eos
   434                        	.stag	fake45_,64,45
   435                        	.member	quot,0,7,8,32
   436                        	.member	rem,32,7,8,32
   437                        	.eos
   438                        	.stag	int_sqrt,32,46
   439                        	.member	sqrt,0,16,8,16
   440                        	.member	frac,16,16,8,16
   441                        	.eos
   442                        	.line	205
   443                        	.file	"G:\devprojects\c256Foenix\fxos\FXOSWork
                    space\FXAPP\src\fxos.h",4
   444                        	.file	"G:\devtools\WDCTools\wdc\Tools\include\
                    string.h",0
   445                        	.line	134
   446                        	.file	"G:\devprojects\c256Foenix\fxos\FXOSWork
                    space\FXAPP\src\fxos.h",5
   447                        	.file	"G:\devtools\WDCTools\wdc\Tools\include\
  Fri Jun 11 2021 19:43                                                Page 9


                    ctype.h",0
   448                        	.line	103
   449                        	.file	"G:\devprojects\c256Foenix\fxos\FXOSWork
                    space\FXAPP\src\fxos.h",6
   450                        	.file	"G:\devprojects\c256Foenix\fxos\FXOSWork
                    space\FXAPP\src\fxtypes.h",0
   451                        	.line	793
   452                        	.file	"G:\devprojects\c256Foenix\fxos\FXOSWork
                    space\FXAPP\src\fxos.h",8
   453                        	.file	"G:\devprojects\c256Foenix\fxos\FXOSWork
                    space\FXAPP\src\fxc256fmx.h",0
   454                        	.file	"G:\devprojects\c256Foenix\fxos\FXOSWork
                    space\FXAPP\src\fxtypes.h",0
   455                        	.line	793
   456                        	.file	"G:\devprojects\c256Foenix\fxos\FXOSWork
                    space\FXAPP\src\fxc256fmx.h",5
   457                        	.line	1339
   458                        	.file	"G:\devprojects\c256Foenix\fxos\FXOSWork
                    space\FXAPP\src\fxos.h",12
   459                        	.file	"G:\devprojects\c256Foenix\fxos\FXOSWork
                    space\FXAPP\src\fxkernel.h",0
   460                        	.file	"G:\devprojects\c256Foenix\fxos\FXOSWork
                    space\FXAPP\src\fxos.h",0
   461                        	.line	27
   462                        	.file	"G:\devprojects\c256Foenix\fxos\FXOSWork
                    space\FXAPP\src\fxkernel.h",5
   463                        	.file	"G:\devprojects\c256Foenix\fxos\FXOSWork
                    space\FXAPP\src\fxnode.h",0
   464                        	.file	"G:\devprojects\c256Foenix\fxos\FXOSWork
                    space\FXAPP\src\fxtypes.h",0
   465                        	.line	793
   466                        	.file	"G:\devprojects\c256Foenix\fxos\FXOSWork
                    space\FXAPP\src\fxnode.h",11
   467                        	.line	21
   468                        	.file	"G:\devprojects\c256Foenix\fxos\FXOSWork
                    space\FXAPP\src\fxkernel.h",6
   469                        	.stag	_fx_api_call_table,4096,47
   470                        	.member	call_table,0,1121,8,32,128
   471                        	.eos
   472                        	.stag	_fx_zero_page,768,48
   473                        	.member	fxos_mouse_byte_0,0,14,8,8
   474                        	.member	fxos_mouse_byte_1,8,14,8,8
   475                        	.member	fxos_mouse_byte_2,16,14,8,8
   476                        	.member	fxos_mouse_byte_t,24,14,8,8
   477                        	.member	fxos_mouse_byte_x_l,32,14,8,8
   478                        	.member	fxos_mouse_byte_x_h,40,14,8,8
   479                        	.member	fxos_mouse_byte_y_l,48,14,8,8
   480                        	.member	fxos_mouse_byte_y_h,56,14,8,8
   481                        	.member	fxos_key_byte_0,64,14,8,8
   482                        	.member	fxos_key_byte_1,72,14,8,8
   483                        	.member	fxos_key_byte_2,80,14,8,8
   484                        	.member	fxos_mouse_ctl,88,14,8,8
   485                        	.member	fxos_mouse_index,96,14,8,8
   486                        	.member	fxos_mouse_status,104,14,8,8
   487                        	.member	VersionMajor,112,16,8,16
   488                        	.member	VersionMinor,128,16,8,16
   489                        	.member	VersionRelease,144,16,8,16
   490                        	.member	topMemory,160,18,8,32
  Fri Jun 11 2021 19:43                                                Page 10


   491                        	.member	bottomMemory,192,18,8,32
   492                        	.member	availableMemory,224,18,8,32
   493                        	.member	availableMemoryK,256,18,8,32
   494                        	.member	availableHeapMemory,288,18,8,32
   495                        	.member	availableHeapMemoryK,320,18,8,32
   496                        	.member	fxos_console_row,352,16,8,16
   497                        	.member	fxos_console_col,368,16,8,16
   498                        	.member	reserved_1,384,16,8,16
   499                        	.member	reserved_2,400,16,8,16
   500                        	.member	executive,416,129,8,32
   501                        	.member	eventmanager,448,129,8,32
   502                        	.member	devicemanager,480,129,8,32
   503                        	.member	windowmanager,512,129,8,32
   504                        	.member	fxos_kernel_api,544,138,8,32,47
   505                        	.member	fxos_dos_api,576,138,8,32,47
   506                        	.member	fxos_gfx_api,608,138,8,32,47
   507                        	.member	fxos_gui_api,640,138,8,32,47
   508                        	.member	fxos_reserved_1_api,672,138,8,32,47
   509                        	.member	fxos_reserved_2_api,704,138,8,32,47
   510                        	.member	fxos_reserved_3_api,736,138,8,32,47
   511                        	.eos
   512                        	.stag	_fx_environment,96,49
   513                        	.member	variables,0,142,8,32
   514                        	.member	reserved1,32,5,8,16
   515                        	.member	reserved2,48,5,8,16
   516                        	.member	reserved3,64,5,8,16
   517                        	.member	reserved4,80,5,8,16
   518                        	.eos
   519                        	.stag	_debug_byte_bits,8,50
   520                        	.member	bit7,0,14,17,1
   521                        	.member	bit6,1,14,17,1
   522                        	.member	bit5,2,14,17,1
   523                        	.member	bit4,3,14,17,1
   524                        	.member	bit3,4,14,17,1
   525                        	.member	bit2,5,14,17,1
   526                        	.member	bit1,6,14,17,1
   527                        	.member	bit0,7,14,17,1
   528                        	.eos
   529                        	.stag	_fx_device_driver,1416,51
   530                        	.member	name,0,110,8,0,64
   531                        	.member	version,512,110,8,0,64
   532                        	.member	hmajor,1024,110,8,0,16
   533                        	.member	hminor,1152,110,8,0,16
   534                        	.member	type,1280,14,8,8
   535                        	.member	f_driver_load,1288,129,8,32
   536                        	.member	f_driver_read,1320,129,8,32
   537                        	.member	f_driver_write,1352,129,8,32
   538                        	.member	f_driver_unload,1384,129,8,32
   539                        	.eos
   540                        	.stag	_fx_block_device_driver,1448,52
   541                        	.member	name,0,110,8,0,64
   542                        	.member	version,512,110,8,0,64
   543                        	.member	hmajor,1024,110,8,0,16
   544                        	.member	hminor,1152,110,8,0,16
   545                        	.member	type,1280,14,8,8
   546                        	.member	f_driver_load,1288,129,8,32
   547                        	.member	f_driver_read,1320,129,8,32
   548                        	.member	f_driver_write,1352,129,8,32
  Fri Jun 11 2021 19:43                                                Page 11


   549                        	.member	f_driver_unload,1384,129,8,32
   550                        	.member	f_driver_command,1416,129,8,32
   551                        	.eos
   552                        	.line	233
   553                        	.file	"G:\devprojects\c256Foenix\fxos\FXOSWork
                    space\FXAPP\src\fxos.h",21
   554                        	.file	"G:\devprojects\c256Foenix\fxos\FXOSWork
                    space\FXAPP\src\fxeventmanager.h",0
   555                        	.file	"G:\devprojects\c256Foenix\fxos\FXOSWork
                    space\FXAPP\src\fxos.h",0
   556                        	.line	27
   557                        	.file	"G:\devprojects\c256Foenix\fxos\FXOSWork
                    space\FXAPP\src\fxeventmanager.h",5
   558                        	.stag	_fx_main_loopvars,16,53
   559                        	.member	dummy,0,5,8,16
   560                        	.eos
   561                        	.stag	_fxMouseMessageData,64,54
   562                        	.member	button1,0,14,8,8
   563                        	.member	button2,8,14,8,8
   564                        	.member	button3,16,14,8,8
   565                        	.member	button4,24,14,8,8
   566                        	.member	x,32,16,8,16
   567                        	.member	y,48,16,8,16
   568                        	.eos
   569                        	.stag	_fx_eventProcess,64,55
   570                        	.member	process,0,138,8,32,17
   571                        	.member	eventProc,32,641,8,32
   572                        	.eos
   573                        	.stag	_mouse_msg_state,184,56
   574                        	.member	lastEvent,0,18,8,32
   575                        	.member	buttonLeftDown,32,14,8,8
   576                        	.member	lastLeftDown,40,18,8,32
   577                        	.member	buttonRightDown,72,14,8,8
   578                        	.member	lastRightDown,80,18,8,32
   579                        	.member	buttonMiddleDown,112,14,8,8
   580                        	.member	lastMiddleDown,120,18,8,32
   581                        	.member	lastX,152,16,8,16
   582                        	.member	lastY,168,16,8,16
   583                        	.eos
   584                        	.stag	_fxos_eventmanager_vtable,192,57
   585                        	.member	EventQueue,0,138,8,32,4
   586                        	.member	Init,32,8833,8,32
   587                        	.member	Run,64,656,8,32
   588                        	.member	Configure,96,656,8,32
   589                        	.member	Query,128,656,8,32
   590                        	.member	Uninit,160,641,8,32
   591                        	.eos
   592                        	.line	259
   593                        	.file	"G:\devprojects\c256Foenix\fxos\FXOSWork
                    space\FXAPP\src\fxos.h",22
   594                        	.file	"G:\devprojects\c256Foenix\fxos\FXOSWork
                    space\FXAPP\src\fxwindowmanager.h",0
   595                        	.file	"G:\devprojects\c256Foenix\fxos\FXOSWork
                    space\FXAPP\src\fxos.h",0
   596                        	.line	27
   597                        	.file	"G:\devprojects\c256Foenix\fxos\FXOSWork
                    space\FXAPP\src\fxwindowmanager.h",5
   598                        	.stag	_fxos_winman_vtable,160,58
  Fri Jun 11 2021 19:43                                                Page 12


   599                        	.member	Events,0,641,8,32
   600                        	.member	ConfigureWindowManager,32,656,8,32
   601                        	.member	ProcessWindowEvent,64,8833,8,32
   602                        	.member	QueryWindowManager,96,656,8,32
   603                        	.member	DoWndProcs,128,641,8,32
   604                        	.eos
   605                        	.stag	_childMessage_t,64,59
   606                        	.member	msgType,0,16,8,16
   607                        	.member	msgData,16,129,8,32
   608                        	.member	dataSize,48,16,8,16
   609                        	.eos
   610                        	.line	287
   611                        	.file	"G:\devprojects\c256Foenix\fxos\FXOSWork
                    space\FXAPP\src\fxos.h",23
   612                        	.line	27
   613                        	.file	"G:\devprojects\c256Foenix\fxos\FXOSWork
                    space\FXAPP\src\fxwinapp.h",12
   614                        	.file	"G:\devprojects\c256Foenix\fxos\FXOSWork
                    space\FXAPP\src\fxuser.h",0
   615                        	.file	"G:\devprojects\c256Foenix\fxos\FXOSWork
                    space\FXAPP\src\fxtypes.h",0
   616                        	.line	793
   617                        	.file	"G:\devprojects\c256Foenix\fxos\FXOSWork
                    space\FXAPP\src\fxuser.h",11
   618                        	.line	78
   619                        	.file	"G:\devprojects\c256Foenix\fxos\FXOSWork
                    space\FXAPP\src\fxwinapp.h",13
   620                        	.line	17
   621                        	.file	"G:\devprojects\c256Foenix\fxos\FXOSWork
                    space\FXAPP\src\fxwinapp.c",3
   622                        ;
   623                        ;//#pragma section CODE=WINAPP,offset $09:0000
   624                        ;
   625                        ;/////////////////////////////////////////////////
                    ////////////
   626                        ;// OK because calculator is a single instance app
                    lication
   627                        ;/////////////////////////////////////////////////
                    ////////////
   628                        ;static PWINDOW hWndInstance = NULL;
   629                        	data
   630                        ~~hWndInstance:
   631 00:0000: 00 00 00 00  	dl	$0
   632 00:0004:              	ends
   633                        ;//static PWINDOW hWndInstancePalette = NULL;
   634                        ;//static PWINDOW pTextBox = NULL;
   635                        ;
   636                        ;BOOL WinAppWindowProc(PFXOSMESSAGE pMsg);
   637                        ;
   638                        ;//
   639                        ;// App Entry
   640                        ;//
   641                        ;VOID FXWinMain(PFXOSMESSAGE pMsg)
   642                        ;{
   643                        	.line	19
   644                        	.line	20
   645                        	code
   646                        	xdef	~~FXWinMain
  Fri Jun 11 2021 19:43                                                Page 13


   647                        	func
   648                        	.function	20
   649                        ~~FXWinMain:
   650                        	longa	on
   651                        	longi	on
   652 00:0000: 3B           	tsc
   653 00:0001: 38           	sec
   654 00:0002: E9 08 00     	sbc	#L2
   655 00:0005: 1B           	tcs
   656 00:0006: 0B           	phd
   657 00:0007: 5B           	tcd
   658             00000004   pMsg_0	set	4
   659                        	.block	20
   660                        ;	PFXPROCESS proc;
   661                        ;
   662                        ;	if(pMsg!=NULL)
   663             00000000   proc_1	set	0
   664                        	.sym	proc,0,138,1,32,17
   665                        	.sym	pMsg,4,138,6,32,13
   666                        	.line	23
   667                        ;	{
   668 00:0008: A5 0C        	lda	<L2+pMsg_0
   669 00:000A: 05 0E        	ora	<L2+pMsg_0+2
   670 00:000C: D0 03        	bne	L5
   671 00:000E: 82 E1 00     	brl	L10001
   672                        L5:
   673                        	.line	24
   674                        ;		proc = GetCurrentProcess();
   675                        	.line	25
   676 00:0011: 22 xx xx xx  	jsl	~~GetCurrentProcess
   677 00:0015: 85 05        	sta	<L3+proc_1
   678 00:0017: 86 07        	stx	<L3+proc_1+2
   679                        ;
   680                        ;		switch(pMsg->type)
   681                        	.line	27
   682 00:0019: A0 08 00     	ldy	#$8
   683 00:001C: B7 0C        	lda	[<L2+pMsg_0],Y
   684 00:001E: 82 C1 00     	brl	L10002
   685                        ;		{
   686                        	.line	28
   687                        ;		case FX_INIT_MESSAGE:
   688                        	.line	29
   689                        L10004:
   690                        ;			if(proc!=NULL)
   691                        	.line	30
   692                        ;			{
   693 00:0021: A5 05        	lda	<L3+proc_1
   694 00:0023: 05 07        	ora	<L3+proc_1+2
   695 00:0025: D0 03        	bne	L6
   696 00:0027: 82 8A 00     	brl	L10005
   697                        L6:
   698                        	.line	31
   699                        ;				DebugOut("FXWinApp::FX_I
                    NIT_MESSAGE\r\n");
   700                        	.line	32
   701 00:002A: F4 xx xx     	pea	#^L1
   702 00:002D: F4 xx xx     	pea	#<L1
   703 00:0030: 22 xx xx xx  	jsl	~~DebugOut
  Fri Jun 11 2021 19:43                                                Page 14


   704                        ;				//DebugLong("FXWinApp::F
                    X_INIT_MESSAGE::ProcessId:",(LONG)proc);
   705                        ;
   706                        ;				CreateWindowClassEx("fxW
                    inAppWindowClass",NULL,0,FXWSX_ALWAYS_BACKPLANE,NULL,NULL,NU
                    LL,WinAppWindowProc);
   707                        	.line	35
   708 00:0034: F4 xx xx     	pea	#^~~WinAppWindowProc
   709 00:0037: F4 xx xx     	pea	#<~~WinAppWindowProc
   710 00:003A: F4 00 00     	pea	#^$0
   711 00:003D: F4 00 00     	pea	#<$0
   712 00:0040: F4 00 00     	pea	#^$0
   713 00:0043: F4 00 00     	pea	#<$0
   714 00:0046: F4 00 00     	pea	#^$0
   715 00:0049: F4 00 00     	pea	#<$0
   716 00:004C: F4 00 00     	pea	#<$0
   717 00:004F: F4 00 00     	pea	#<$0
   718 00:0052: F4 00 00     	pea	#^$0
   719 00:0055: F4 00 00     	pea	#<$0
   720 00:0058: F4 xx xx     	pea	#^L1+28
   721 00:005B: F4 xx xx     	pea	#<L1+28
   722 00:005E: 22 xx xx xx  	jsl	~~CreateWindowClassEx
   723                        ;
   724                        ;				DebugOut("FXWinApp::Crea
                    teWindowClassEx\r\n");
   725                        	.line	37
   726 00:0062: F4 xx xx     	pea	#^L1+48
   727 00:0065: F4 xx xx     	pea	#<L1+48
   728 00:0068: 22 xx xx xx  	jsl	~~DebugOut
   729                        ;
   730                        ;				hWndInstance = CreateWin
                    dow(FXWS_THICKFRAME | FXWS_CAPTION | FXWS_VISIBLE | FXWS_SYS
                    MENU | FXWS_POPUP,
   731                        	.line	39
   732                        ;							
                    				"fxWinAppWindowClass",
   733                        ;							
                    				"Test Application",
   734                        ;							
                    				100,100,
   735                        ;							
                    				200,100,
   736                        ;							
                    				GetDesktopWindow(),
   737                        ;							
                    				NULL,NULL);
   738 00:006C: F4 00 00     	pea	#^$0
   739 00:006F: F4 00 00     	pea	#<$0
   740 00:0072: F4 00 00     	pea	#^$0
   741 00:0075: F4 00 00     	pea	#<$0
   742 00:0078: 22 xx xx xx  	jsl	~~GetDesktopWindow
   743 00:007C: 85 01        	sta	<R0
   744 00:007E: 86 03        	stx	<R0+2
   745 00:0080: DA           	phx
   746 00:0081: 48           	pha
   747 00:0082: F4 64 00     	pea	#<$64
   748 00:0085: F4 C8 00     	pea	#<$c8
   749 00:0088: F4 64 00     	pea	#<$64
  Fri Jun 11 2021 19:43                                                Page 15


   750 00:008B: F4 64 00     	pea	#<$64
   751 00:008E: F4 xx xx     	pea	#^L1+100
   752 00:0091: F4 xx xx     	pea	#<L1+100
   753 00:0094: F4 xx xx     	pea	#^L1+80
   754 00:0097: F4 xx xx     	pea	#<L1+80
   755 00:009A: F4 22 00     	pea	#^$22000d
   756 00:009D: F4 0D 00     	pea	#<$22000d
   757 00:00A0: 22 xx xx xx  	jsl	~~CreateWindow
   758 00:00A4: 8D xx xx     	sta	|~~hWndInstance
   759 00:00A7: 8E xx xx     	stx	|~~hWndInstance+2
   760                        ;
   761                        ;				DebugOut("FXWinApp::Crea
                    teWindow\r\n");
   762                        	.line	47
   763 00:00AA: F4 xx xx     	pea	#^L1+117
   764 00:00AD: F4 xx xx     	pea	#<L1+117
   765 00:00B0: 22 xx xx xx  	jsl	~~DebugOut
   766                        ;
   767                        ;				/*
   768                        ;				if(hWndInstance == NULL)
   769                        ;				{
   770                        ;					CreateWindowClas
                    sEx("fxWinAppWindowClass",NULL,0,FXWSX_ALWAYS_BACKPLANE,NULL
                    ,NULL,NULL,WinAppWindowProc);
   771                        ;
   772                        ;					DebugOut("FXWinA
                    pp::CreateWindowClassEx\r\n");
   773                        ;
   774                        ;					hWndInstance = C
                    reateWindow(FXWS_THICKFRAME | FXWS_CAPTION | FXWS_VISIBLE | 
                    FXWS_SYSMENU | FXWS_POPUP,
   775                        ;							
                    					"fxWinAppWindowClass",
   776                        ;							
                    					"Test Application",
   777                        ;							
                    					100,100,
   778                        ;							
                    					200,100,
   779                        ;							
                    					GetDesktopWindow(),
   780                        ;							
                    					NULL,NULL);
   781                        ;
   782                        ;					DebugOut("FXWinA
                    pp::CreateWindow\r\n");
   783                        ;
   784                        ;				}
   785                        ;				else
   786                        ;				{
   787                        ;					//k_debug_long("
                    FXPaletteAccessory::FX_INIT_MESSAGE::EXIT:",p->procId);
   788                        ;					DebugOut("FXWinA
                    pp::FX_INIT_MESSAGE::DUPEXIT\r\n");
   789                        ;					TerminateProcess
                    (proc->procId);
   790                        ;				}
   791                        ;				*/
  Fri Jun 11 2021 19:43                                                Page 16


   792                        ;			}
   793                        	.line	74
   794                        ;			break;
   795                        L10005:
   796                        	.line	75
   797 00:00B4: 82 3B 00     	brl	L10003
   798                        ;		case FX_PROCESS:
   799                        	.line	76
   800                        L10006:
   801                        ;			if(hWndInstance == NULL)
   802                        	.line	77
   803                        ;			{
   804 00:00B7: AD xx xx     	lda	|~~hWndInstance
   805 00:00BA: 0D xx xx     	ora	|~~hWndInstance+2
   806 00:00BD: F0 03        	beq	L7
   807 00:00BF: 82 1A 00     	brl	L10007
   808                        L7:
   809                        	.line	78
   810                        ;				//k_debug_long("FXPalett
                    eAccessory::FX_PROCESS::EXIT:",p->procId);
   811                        ;				DebugOut("FXWinApp::FX_P
                    ROCESS\r\n");
   812                        	.line	80
   813 00:00C2: F4 xx xx     	pea	#^L1+142
   814 00:00C5: F4 xx xx     	pea	#<L1+142
   815 00:00C8: 22 xx xx xx  	jsl	~~DebugOut
   816                        ;				TerminateProcess(proc->p
                    rocId);
   817                        	.line	81
   818 00:00CC: A0 04 00     	ldy	#$4
   819 00:00CF: B7 05        	lda	[<L3+proc_1],Y
   820 00:00D1: 48           	pha
   821 00:00D2: A0 02 00     	ldy	#$2
   822 00:00D5: B7 05        	lda	[<L3+proc_1],Y
   823 00:00D7: 48           	pha
   824 00:00D8: 22 xx xx xx  	jsl	~~TerminateProcess
   825                        ;			}
   826                        	.line	82
   827                        ;			break;
   828                        L10007:
   829                        	.line	83
   830 00:00DC: 82 13 00     	brl	L10003
   831                        ;		default:
   832                        	.line	84
   833                        L10008:
   834                        ;			break;
   835                        	.line	85
   836 00:00DF: 82 10 00     	brl	L10003
   837                        ;		}
   838                        	.line	86
   839                        L10002:
   840                        	xref	~~~swt
   841 00:00E2: 22 xx xx xx  	jsl	~~~swt
   842 00:00E6: 02 00        	dw	2
   843 00:00E8: 00 FF        	dw	65280
   844 00:00EA: xx xx        	dw	L10006-1
   845 00:00EC: 01 FF        	dw	65281
   846 00:00EE: xx xx        	dw	L10004-1
  Fri Jun 11 2021 19:43                                                Page 17


   847 00:00F0: xx xx        	dw	L10008-1
   848                        L10003:
   849                        ;	}
   850                        	.line	87
   851                        ;
   852                        ;	return;
   853                        L10001:
   854                        	.line	89
   855                        L8:
   856 00:00F2: A5 0A        	lda	<L2+2
   857 00:00F4: 85 0E        	sta	<L2+2+4
   858 00:00F6: A5 09        	lda	<L2+1
   859 00:00F8: 85 0D        	sta	<L2+1+4
   860 00:00FA: 2B           	pld
   861 00:00FB: 3B           	tsc
   862 00:00FC: 18           	clc
   863 00:00FD: 69 0C 00     	adc	#L2+4
   864 00:0100: 1B           	tcs
   865 00:0101: 6B           	rtl
   866                        ;}
   867                        	.line	90
   868                        	.endblock	90
   869             00000008   L2	equ	8
   870             00000005   L3	equ	5
   871                        	ends
   872                        	efunc
   873                        	.endfunc	90,5,8
   874                        	.line	90
   875                        	data
   876                        L1:
   877 00:0004: 46 58 57 69  	db	$46,$58,$57,$69,$6E,$41,$70,$70,$3A,$3A,
                    $46,$58,$5F,$49,$4E
       00:0008: 6E 41 70 70 
       00:000C: 3A 3A 46 58 
       00:0010: 5F 49 4E 
   878 00:0013: 49 54 5F 4D  	db	$49,$54,$5F,$4D,$45,$53,$53,$41,$47,$45,
                    $0D,$0A,$00,$66,$78
       00:0017: 45 53 53 41 
       00:001B: 47 45 0D 0A 
       00:001F: 00 66 78 
   879 00:0022: 57 69 6E 41  	db	$57,$69,$6E,$41,$70,$70,$57,$69,$6E,$64,
                    $6F,$77,$43,$6C,$61
       00:0026: 70 70 57 69 
       00:002A: 6E 64 6F 77 
       00:002E: 43 6C 61 
   880 00:0031: 73 73 00 46  	db	$73,$73,$00,$46,$58,$57,$69,$6E,$41,$70,
                    $70,$3A,$3A,$43,$72
       00:0035: 58 57 69 6E 
       00:0039: 41 70 70 3A 
       00:003D: 3A 43 72 
   881 00:0040: 65 61 74 65  	db	$65,$61,$74,$65,$57,$69,$6E,$64,$6F,$77,
                    $43,$6C,$61,$73,$73
       00:0044: 57 69 6E 64 
       00:0048: 6F 77 43 6C 
       00:004C: 61 73 73 
   882 00:004F: 45 78 0D 0A  	db	$45,$78,$0D,$0A,$00,$66,$78,$57,$69,$6E,
                    $41,$70,$70,$57,$69
       00:0053: 00 66 78 57 
  Fri Jun 11 2021 19:43                                                Page 18


       00:0057: 69 6E 41 70 
       00:005B: 70 57 69 
   883 00:005E: 6E 64 6F 77  	db	$6E,$64,$6F,$77,$43,$6C,$61,$73,$73,$00,
                    $54,$65,$73,$74,$20
       00:0062: 43 6C 61 73 
       00:0066: 73 00 54 65 
       00:006A: 73 74 20 
   884 00:006D: 41 70 70 6C  	db	$41,$70,$70,$6C,$69,$63,$61,$74,$69,$6F,
                    $6E,$00,$46,$58,$57
       00:0071: 69 63 61 74 
       00:0075: 69 6F 6E 00 
       00:0079: 46 58 57 
   885 00:007C: 69 6E 41 70  	db	$69,$6E,$41,$70,$70,$3A,$3A,$43,$72,$65,
                    $61,$74,$65,$57,$69
       00:0080: 70 3A 3A 43 
       00:0084: 72 65 61 74 
       00:0088: 65 57 69 
   886 00:008B: 6E 64 6F 77  	db	$6E,$64,$6F,$77,$0D,$0A,$00,$46,$58,$57,
                    $69,$6E,$41,$70,$70
       00:008F: 0D 0A 00 46 
       00:0093: 58 57 69 6E 
       00:0097: 41 70 70 
   887 00:009A: 3A 3A 46 58  	db	$3A,$3A,$46,$58,$5F,$50,$52,$4F,$43,$45,
                    $53,$53,$0D,$0A,$00
       00:009E: 5F 50 52 4F 
       00:00A2: 43 45 53 53 
       00:00A6: 0D 0A 00 
   888 00:00A9:              	ends
   889                        ;
   890                        ;
   891                        ;BOOL WinAppWindowProc(PFXOSMESSAGE pMsg)
   892                        ;{
   893                        	.line	93
   894                        	.line	94
   895                        	code
   896                        	xdef	~~WinAppWindowProc
   897                        	func
   898                        	.function	94
   899                        ~~WinAppWindowProc:
   900                        	longa	on
   901                        	longi	on
   902 00:0102: 3B           	tsc
   903 00:0103: 38           	sec
   904 00:0104: E9 0C 00     	sbc	#L10
   905 00:0107: 1B           	tcs
   906 00:0108: 0B           	phd
   907 00:0109: 5B           	tcd
   908             00000004   pMsg_0	set	4
   909                        	.block	94
   910                        ;	PFXPROCESS 	proc;
   911                        ;	PWINDOW 	pWin = NULL;
   912                        ;
   913                        ;	if(pMsg!=NULL)
   914             00000000   proc_1	set	0
   915             00000004   pWin_1	set	4
   916                        	.sym	proc,0,138,1,32,17
   917                        	.sym	pWin,4,138,1,32,29
   918                        	.sym	pMsg,4,138,6,32,13
  Fri Jun 11 2021 19:43                                                Page 19


   919 00:010A: 64 09        	stz	<L11+pWin_1
   920 00:010C: 64 0B        	stz	<L11+pWin_1+2
   921                        	.line	98
   922                        ;	{
   923 00:010E: A5 10        	lda	<L10+pMsg_0
   924 00:0110: 05 12        	ora	<L10+pMsg_0+2
   925 00:0112: D0 03        	bne	L13
   926 00:0114: 82 62 00     	brl	L10009
   927                        L13:
   928                        	.line	99
   929                        ;		proc = GetCurrentProcess();
   930                        	.line	100
   931 00:0117: 22 xx xx xx  	jsl	~~GetCurrentProcess
   932 00:011B: 85 05        	sta	<L11+proc_1
   933 00:011D: 86 07        	stx	<L11+proc_1+2
   934                        ;
   935                        ;		switch(pMsg->type)
   936                        	.line	102
   937 00:011F: A0 08 00     	ldy	#$8
   938 00:0122: B7 10        	lda	[<L10+pMsg_0],Y
   939 00:0124: 82 3E 00     	brl	L10010
   940                        ;		{
   941                        	.line	103
   942                        ;		case FX_CREATE_WINDOW:
   943                        	.line	104
   944                        L10012:
   945                        ;			if(proc)
   946                        	.line	105
   947                        ;			{
   948 00:0127: A5 05        	lda	<L11+proc_1
   949 00:0129: 05 07        	ora	<L11+proc_1+2
   950 00:012B: D0 03        	bne	L14
   951 00:012D: 82 0A 00     	brl	L10013
   952                        L14:
   953                        	.line	106
   954                        ;				DebugOut("WinApp::FX_CRE
                    ATE_WINDOW\r\n");
   955                        	.line	107
   956 00:0130: F4 xx xx     	pea	#^L9
   957 00:0133: F4 xx xx     	pea	#<L9
   958 00:0136: 22 xx xx xx  	jsl	~~DebugOut
   959                        ;			}
   960                        	.line	108
   961                        ;			return TRUE;
   962                        L10013:
   963                        	.line	109
   964 00:013A: A9 01 00     	lda	#$1
   965                        L15:
   966 00:013D: A8           	tay
   967 00:013E: A5 0E        	lda	<L10+2
   968 00:0140: 85 12        	sta	<L10+2+4
   969 00:0142: A5 0D        	lda	<L10+1
   970 00:0144: 85 11        	sta	<L10+1+4
   971 00:0146: 2B           	pld
   972 00:0147: 3B           	tsc
   973 00:0148: 18           	clc
   974 00:0149: 69 10 00     	adc	#L10+4
   975 00:014C: 1B           	tcs
  Fri Jun 11 2021 19:43                                                Page 20


   976 00:014D: 98           	tya
   977 00:014E: 6B           	rtl
   978                        ;			break;
   979                        	.line	110
   980                        ;		case FX_DRAW_WINDOW:
   981                        	.line	111
   982                        L10014:
   983                        ;			DebugOut("WinApp::FX_DRAW_WINDOW
                    \r\n");
   984                        	.line	112
   985 00:014F: F4 xx xx     	pea	#^L9+27
   986 00:0152: F4 xx xx     	pea	#<L9+27
   987 00:0155: 22 xx xx xx  	jsl	~~DebugOut
   988                        ;			/*
   989                        ;			pWin = k_getWindowFromHandle(pMs
                    g->hwnd);
   990                        ;			if(pWin)
   991                        ;			{
   992                        ;				k_vdma_fill_rect_ex(pWin
                    ->clientRect.x,
   993                        ;							
                    		pWin->clientRect.y,
   994                        ;							
                    		pWin->clientRect.width,
   995                        ;							
                    		pWin->clientRect.height,
   996                        ;							
                    		BRUSHCOLOR(pWin->hBackground),
   997                        ;							
                    		pWin->nBitmapLayer);
   998                        ;
   999                        ;			}
  1000                        ;			*/
  1001                        ;			break;
  1002                        	.line	126
  1003 00:0159: 82 1D 00     	brl	L10011
  1004                        ;		case FX_LBUTTON_DOWN:
  1005                        	.line	127
  1006                        L10015:
  1007                        ;			/*
  1008                        ;			pWin = k_getWindowFromHandle(pMs
                    g->hwnd);
  1009                        ;			if(pWin)
  1010                        ;			{
  1011                        ;			}
  1012                        ;			*/
  1013                        ;			return TRUE;
  1014                        	.line	134
  1015 00:015C: A9 01 00     	lda	#$1
  1016 00:015F: 82 DB FF     	brl	L15
  1017                        ;		default:
  1018                        	.line	135
  1019                        L10016:
  1020                        ;			break;
  1021                        	.line	136
  1022 00:0162: 82 14 00     	brl	L10011
  1023                        ;		}
  1024                        	.line	137
  Fri Jun 11 2021 19:43                                                Page 21


  1025                        L10010:
  1026                        	xref	~~~swt
  1027 00:0165: 22 xx xx xx  	jsl	~~~swt
  1028 00:0169: 03 00        	dw	3
  1029 00:016B: 04 0F        	dw	3844
  1030 00:016D: xx xx        	dw	L10015-1
  1031 00:016F: 00 FB        	dw	64256
  1032 00:0171: xx xx        	dw	L10014-1
  1033 00:0173: 03 FF        	dw	65283
  1034 00:0175: xx xx        	dw	L10012-1
  1035 00:0177: xx xx        	dw	L10016-1
  1036                        L10011:
  1037                        ;	}
  1038                        	.line	138
  1039                        ;
  1040                        ;	return DefaultWindowProc(pMsg);
  1041                        L10009:
  1042                        	.line	140
  1043 00:0179: D4 12        	pei	<L10+pMsg_0+2
  1044 00:017B: D4 10        	pei	<L10+pMsg_0
  1045 00:017D: 22 xx xx xx  	jsl	~~DefaultWindowProc
  1046 00:0181: E2 20        	sep	#$20
  1047                        	longa	off
  1048 00:0183: 85 01        	sta	<R0
  1049 00:0185: C2 20        	rep	#$20
  1050                        	longa	on
  1051 00:0187: A5 01        	lda	<R0
  1052 00:0189: 29 FF 00     	and	#$ff
  1053 00:018C: 82 AE FF     	brl	L15
  1054                        ;}
  1055                        	.line	141
  1056                        	.endblock	141
  1057             0000000C   L10	equ	12
  1058             00000005   L11	equ	5
  1059                        	ends
  1060                        	efunc
  1061                        	.endfunc	141,5,12
  1062                        	.line	141
  1063                        	data
  1064                        L9:
  1065 00:00A9: 57 69 6E 41  	db	$57,$69,$6E,$41,$70,$70,$3A,$3A,$46,$58,
                    $5F,$43,$52,$45,$41
       00:00AD: 70 70 3A 3A 
       00:00B1: 46 58 5F 43 
       00:00B5: 52 45 41 
  1066 00:00B8: 54 45 5F 57  	db	$54,$45,$5F,$57,$49,$4E,$44,$4F,$57,$0D,
                    $0A,$00,$57,$69,$6E
       00:00BC: 49 4E 44 4F 
       00:00C0: 57 0D 0A 00 
       00:00C4: 57 69 6E 
  1067 00:00C7: 41 70 70 3A  	db	$41,$70,$70,$3A,$3A,$46,$58,$5F,$44,$52,
                    $41,$57,$5F,$57,$49
       00:00CB: 3A 46 58 5F 
       00:00CF: 44 52 41 57 
       00:00D3: 5F 57 49 
  1068 00:00D6: 4E 44 4F 57  	db	$4E,$44,$4F,$57,$0D,$0A,$00
       00:00DA: 0D 0A 00 
  1069 00:00DD:              	ends
  Fri Jun 11 2021 19:43                                                Page 22


  1070                        ;
  1071                        ;
  1072                        	.line	142
  1073                        	.file	"G:\devprojects\c256Foenix\fxos\FXOSWork
                    space\FXAPP\src\fxwinapp.c",93
  1074                        	xref	~~DefaultWindowProc
  1075                        	xref	~~GetDesktopWindow
  1076                        	xref	~~CreateWindow
  1077                        	xref	~~CreateWindowClassEx
  1078                        	xref	~~GetCurrentProcess
  1079                        	xref	~~TerminateProcess
  1080                        	xref	~~DebugOut
  1081                        	.sym	~~WinAppWindowProc,~~WinAppWindowProc,78
                    ,2,0
  1082                        	.sym	~~hWndInstance,~~hWndInstance,138,3,32,2
                    9
  1083                        	.sym	~~FXWinMain,~~FXWinMain,65,2,0
  1084                        	.sym	~~DefaultWindowProc,~~DefaultWindowProc,
                    78,18,0
  1085                        	.sym	GUIDEFWNDPROC,0,654,14,32
  1086                        	.sym	~~GetDesktopWindow,~~GetDesktopWindow,10
                    89,18,32
  1087                        	.sym	GUIGETDESKTOP,0,8833,14,32
  1088                        	.sym	GUICREATEWINDOWEX,0,8842,14,32,29
  1089                        	.sym	~~CreateWindow,~~CreateWindow,1098,18,32
                    ,29
  1090                        	.sym	GUICREATEWINDOW,0,8842,14,32,29
  1091                        	.sym	~~CreateWindowClassEx,~~CreateWindowClas
                    sEx,1098,18,32,25
  1092                        	.sym	GUICRTCLASSEX,0,8842,14,32,25
  1093                        	.sym	RTCCENTURY,0,645,14,32
  1094                        	.sym	RTCYEAR,0,645,14,32
  1095                        	.sym	RTCDAY,0,645,14,32
  1096                        	.sym	RTCMON,0,645,14,32
  1097                        	.sym	RTCSEC,0,645,14,32
  1098                        	.sym	RTCMIN,0,645,14,32
  1099                        	.sym	RTCHOUR,0,645,14,32
  1100                        	.sym	MEMDEALLOC,0,641,14,32
  1101                        	.sym	MEMALLOC,0,8833,14,32
  1102                        	.sym	~~GetCurrentProcess,~~GetCurrentProcess,
                    1098,18,32,17
  1103                        	.sym	EXECGETCURPROC,0,8842,14,32,17
  1104                        	.sym	~~TerminateProcess,~~TerminateProcess,78
                    ,18,0
  1105                        	.sym	EXECTERMPROC,0,654,14,32
  1106                        	.sym	DEBUGLONG,0,641,14,32
  1107                        	.sym	DEBUGINTEGER,0,641,14,32
  1108                        	.sym	~~DebugOut,~~DebugOut,65,18,0
  1109                        	.sym	DEBUGOUT,0,641,14,32
  1110                        	.sym	PEACHCHILD_MSG,0,138,14,32,59
  1111                        	.sym	EACHCHILD_MSG,0,10,14,64,59
  1112                        	.sym	PWINDOWMANAGER,0,138,14,32,58
  1113                        	.sym	WINDOWMANAGER,0,10,14,160,58
  1114                        	.sym	WM_DOPROCS,0,641,14,32
  1115                        	.sym	WM_QUERY_METRIC,0,656,14,32
  1116                        	.sym	WM_CONFIGURE,0,656,14,32
  1117                        	.sym	WM_HANDLE_EVENT,0,8833,14,32
  1118                        	.sym	WM_EVENTS,0,641,14,32
  Fri Jun 11 2021 19:43                                                Page 23


  1119                        	.sym	PEVENTMANAGER,0,138,14,32,57
  1120                        	.sym	EVENTMANAGER,0,10,14,192,57
  1121                        	.sym	EV_RUN,0,656,14,32
  1122                        	.sym	EV_QUERY_METRIC,0,656,14,32
  1123                        	.sym	EV_CONFIGURE,0,656,14,32
  1124                        	.sym	EV_UNINIT,0,641,14,32
  1125                        	.sym	EV_INIT,0,8833,14,32
  1126                        	.sym	PMOUSE_MSG_STATE,0,138,14,32,56
  1127                        	.sym	MOUSE_MSG_STATE,0,10,14,184,56
  1128                        	.sym	PFXEVENTPROCESS,0,138,14,32,55
  1129                        	.sym	FXEVENTPROCESS,0,10,14,64,55
  1130                        	.sym	FXIDLEPROCESS,0,641,14,32
  1131                        	.sym	FXEventProc,0,641,14,32
  1132                        	.sym	PMOUSEMSGDATA,0,138,14,32,54
  1133                        	.sym	MOUSEMSGDATA,0,10,14,64,54
  1134                        	.sym	MSGIRQ,0,5,14,16
  1135                        	.sym	MAINLOOPARGS,0,10,14,16,53
  1136                        	.sym	DEVICEDRIVER_COMMAND,0,656,14,32
  1137                        	.sym	DEVICEDRIVER_UNLOAD,0,654,14,32
  1138                        	.sym	DEVICEDRIVER_WRITE,0,656,14,32
  1139                        	.sym	DEVICEDRIVER_READ,0,656,14,32
  1140                        	.sym	DEVICEDRIVER_LOAD,0,654,14,32
  1141                        	.sym	PFX_BLOCK_DEVICE_DRIVER,0,138,14,32,52
  1142                        	.sym	FX_BLOCK_DEVICE_DRIVER,0,10,14,1448,52
  1143                        	.sym	PFX_DEVICE_DRIVER,0,138,14,32,51
  1144                        	.sym	FX_DEVICE_DRIVER,0,10,14,1416,51
  1145                        	.sym	PDEBUGBYTEBITS,0,138,14,32,50
  1146                        	.sym	DEBUGBYTEBITS,0,10,14,8,50
  1147                        	.sym	PFXENVIRONMENT,0,138,14,32,49
  1148                        	.sym	FXENVIRONMENT,0,10,14,96,49
  1149                        	.sym	PFXZERPOPAGE,0,138,14,32,48
  1150                        	.sym	FXZERPOPAGE,0,10,14,768,48
  1151                        	.sym	KERNELTRAPCALL,0,641,14,32
  1152                        	.sym	PFXKERNEL_API_CALLTABLE,0,138,14,32,47
  1153                        	.sym	FXKERNEL_API_CALLTABLE,0,10,14,4096,47
  1154                        	.sym	FOREACHNODEUNTIL,0,654,14,32
  1155                        	.sym	FOREACHNODE,0,641,14,32
  1156                        	.sym	Boolean_T,0,5,14,16
  1157                        	.sym	ldiv_t,0,10,14,64,45
  1158                        	.sym	div_t,0,10,14,32,44
  1159                        	.sym	wctype_t,0,16,14,16
  1160                        	.sym	wint_t,0,16,14,16
  1161                        	.sym	wchar_t,0,14,14,8
  1162                        	.sym	ptrdiff_t,0,7,14,32
  1163                        	.sym	size_t,0,16,14,16
  1164                        	.sym	PFXCOMBUFFER,0,138,14,32,43
  1165                        	.sym	FXCOMBUFFER,0,10,14,2080,43
  1166                        	.sym	PSUBMENULIST,0,138,14,32,42
  1167                        	.sym	SUBMENULIST,0,10,14,40,42
  1168                        	.sym	HSUBMENU,0,7,14,32
  1169                        	.sym	PSUBMENU,0,138,14,32,41
  1170                        	.sym	SUBMENU,0,10,14,64,41
  1171                        	.sym	MenuAction,0,641,14,32
  1172                        	.sym	PMENUANCHOR,0,138,14,32,40
  1173                        	.sym	MENUANCHOR,0,10,14,272,40
  1174                        	.sym	PMSGBOX,0,138,14,32,39
  1175                        	.sym	MSGBOX,0,10,14,144,39
  1176                        	.sym	PTEXTBOX,0,138,14,32,38
  Fri Jun 11 2021 19:43                                                Page 24


  1177                        	.sym	TEXTBOX,0,10,14,144,38
  1178                        	.sym	PLISTBOX,0,138,14,32,37
  1179                        	.sym	LISTBOX,0,10,14,240,37
  1180                        	.sym	PSCROLLBAR,0,138,14,32,36
  1181                        	.sym	SCROLLBAR,0,10,14,240,36
  1182                        	.sym	PBUTTON,0,138,14,32,35
  1183                        	.sym	BUTTON,0,10,14,96,35
  1184                        	.sym	PMENUDROPDOWNDATA,0,138,14,32,34
  1185                        	.sym	MENUDROPDOWNDATA,0,10,14,5152,34
  1186                        	.sym	PMENUTAG,0,138,14,32,33
  1187                        	.sym	MENUTAG,0,10,14,160,33
  1188                        	.sym	PMENU,0,138,14,32,32
  1189                        	.sym	MENU,0,10,14,280,32
  1190                        	.sym	HMENURESOURCE,0,129,14,32
  1191                        	.sym	FONTMETRIC,0,10,14,32,31
  1192                        	.sym	TITLE,0,142,14,32
  1193                        	.sym	PHANDLE,0,1153,14,32
  1194                        	.sym	HANDLE,0,129,14,32
  1195                        	.sym	PWINDOWEX,0,138,14,32,30
  1196                        	.sym	WINDOWEX,0,10,14,3880,30
  1197                        	.sym	PWINDOW,0,138,14,32,29
  1198                        	.sym	WINDOW,0,10,14,3904,29
  1199                        	.sym	PDRAGDATA,0,138,14,32,28
  1200                        	.sym	DRAGDATA,0,10,14,216,28
  1201                        	.sym	PNCCLICKABLE,0,138,14,32,27
  1202                        	.sym	NCCLICKABLE,0,10,14,136,27
  1203                        	.sym	HCLICKABLE,0,7,14,32
  1204                        	.sym	PCLICKABLE,0,138,14,32,26
  1205                        	.sym	CLICKABLE,0,10,14,152,26
  1206                        	.sym	PWNDCLASS,0,138,14,32,25
  1207                        	.sym	WNDCLASS,0,10,14,272,25
  1208                        	.sym	HBRUSH,0,129,14,32
  1209                        	.sym	HCURSOR,0,129,14,32
  1210                        	.sym	HICON,0,129,14,32
  1211                        	.sym	HINSTANCE,0,129,14,32
  1212                        	.sym	FXWndProc,0,654,14,32
  1213                        	.sym	PDRECT,0,138,14,32,24
  1214                        	.sym	DRECT,0,10,14,112,24
  1215                        	.sym	PRECTP,0,138,14,32,23
  1216                        	.sym	RECTP,0,10,14,96,23
  1217                        	.sym	PRECT,0,138,14,32,22
  1218                        	.sym	RECT,0,10,14,112,22
  1219                        	.sym	PPOINT,0,138,14,32,21
  1220                        	.sym	POINT,0,10,14,32,21
  1221                        	.sym	PFXPROPERTY,0,138,14,32,19
  1222                        	.sym	FXPROPERTY,0,10,14,384,19
  1223                        	.sym	SCANCODE,0,14,14,8
  1224                        	.sym	KEYCODE,0,14,14,8
  1225                        	.sym	PFXPROCESSMESSAGE,0,138,14,32,18
  1226                        	.sym	FXPROCESSMESSAGE,0,10,14,112,18
  1227                        	.sym	PFXPROCESS,0,138,14,32,17
  1228                        	.sym	FXPROCESS,0,10,14,800,17
  1229                        	.sym	PDESKTOP_CONTROL,0,138,14,32,16
  1230                        	.sym	DESKTOP_CONTROL,0,10,14,392,16
  1231                        	.sym	PCONSOLE_CONTROL,0,138,14,32,15
  1232                        	.sym	CONSOLE_CONTROL,0,10,14,448,15
  1233                        	.sym	FXProcessProc,0,641,14,32
  1234                        	.sym	PFXCMDMESSAGE,0,138,14,32,14
  Fri Jun 11 2021 19:43                                                Page 25


  1235                        	.sym	FXCMDMESSAGE,0,10,14,304,14
  1236                        	.sym	PFXOSMESSAGE,0,138,14,32,13
  1237                        	.sym	FXOSMESSAGE,0,10,14,304,13
  1238                        	.sym	PINT_REGS,0,138,14,32,12
  1239                        	.sym	INT_REGS,0,10,14,104,12
  1240                        	.sym	TASK_STACK,0,10,14,32,11
  1241                        	.sym	TASK,0,10,14,48,10
  1242                        	.sym	PIRQDATA,0,138,14,32,9
  1243                        	.sym	IRQDATA,0,10,14,48,9
  1244                        	.sym	HMENU,0,129,14,32
  1245                        	.sym	HWND,0,129,14,32
  1246                        	.sym	MSGDATA,0,14,14,8
  1247                        	.sym	MSGDEST,0,18,14,32
  1248                        	.sym	MSGSRC,0,18,14,32
  1249                        	.sym	MSGTYPE,0,16,14,16
  1250                        	.sym	PROCESS_RESOURCE_LIST,0,138,14,32,3
  1251                        	.sym	PROCESS_TLS_LIST,0,138,14,32,3
  1252                        	.sym	SEMAPHORE_LIST,0,138,14,32,3
  1253                        	.sym	FILE_BLOCK_LIST,0,138,14,32,3
  1254                        	.sym	FILE_PATH_LIST,0,138,14,32,3
  1255                        	.sym	PROCEDURE_LIST,0,138,14,32,3
  1256                        	.sym	FILE_HANDLE,0,138,14,32,8
  1257                        	.sym	FILE_BLOCK,0,10,14,552,8
  1258                        	.sym	SEMAPHORE,0,10,14,16,7
  1259                        	.sym	PPROCESS_SIGNAL,0,138,14,32,6
  1260                        	.sym	PROCESS_SIGNAL,0,10,14,16,6
  1261                        	.sym	KRESULT,0,18,14,32
  1262                        	.sym	PKERNEL_ERROR,0,138,14,32,5
  1263                        	.sym	KERNEL_ERROR,0,10,14,32,5
  1264                        	.sym	PROCESS_STATUS,0,16,14,16
  1265                        	.sym	FILE_PATH_NAME,0,142,14,32
  1266                        	.sym	PROCESS_RESOURCE,0,129,14,32
  1267                        	.sym	PROCESS_TLS,0,129,14,32
  1268                        	.sym	PROCESS_CTX,0,129,14,32
  1269                        	.sym	USERID,0,16,14,16
  1270                        	.sym	PROCESS_ID,0,18,14,32
  1271                        	.sym	PROCESS_BANK,0,14,14,8
  1272                        	.sym	PFXQUEUE,0,138,14,32,4
  1273                        	.sym	FXQUEUE,0,10,14,80,4
  1274                        	.sym	PFXNODELIST,0,138,14,32,3
  1275                        	.sym	FXNODELIST,0,10,14,96,3
  1276                        	.sym	NodeListDeallocator,0,641,14,32
  1277                        	.sym	PFXNODE,0,138,14,32,2
  1278                        	.sym	FXNODE,0,10,14,384,2
  1279                        	.sym	PBYTEBITS,0,138,14,32,1
  1280                        	.sym	BYTEBITS,0,10,14,8,1
  1281                        	.sym	HCOLOR,0,129,14,32
  1282                        	.sym	HFONT,0,129,14,32
  1283                        	.sym	HDC,0,129,14,32
  1284                        	.sym	HPOINTER,0,129,14,32
  1285                        	.sym	uint32_t,0,18,14,32
  1286                        	.sym	uint8_t,0,14,14,8
  1287                        	.sym	PFAR,0,142,14,32
  1288                        	.sym	LPBOOL,0,142,14,32
  1289                        	.sym	BOOL,0,14,14,8
  1290                        	.sym	DWORD,0,18,14,32
  1291                        	.sym	ULONG,0,18,14,32
  1292                        	.sym	LPLONG,0,135,14,32
  Fri Jun 11 2021 19:43                                                Page 26


  1293                        	.sym	LONG,0,7,14,32
  1294                        	.sym	PUINT,0,144,14,32
  1295                        	.sym	USHORT,0,16,14,16
  1296                        	.sym	UINT,0,16,14,16
  1297                        	.sym	INT,0,5,14,16
  1298                        	.sym	WORD,0,5,14,16
  1299                        	.sym	PBYTE,0,142,14,32
  1300                        	.sym	BYTE,0,14,14,8
  1301                        	.sym	UCHAR,0,14,14,8
  1302                        	.sym	LPWCSTR,0,142,14,32
  1303                        	.sym	LPCSTR,0,142,14,32
  1304                        	.sym	LPSTR,0,142,14,32
  1305                        	.sym	LPCHAR,0,142,14,32
  1306                        	.sym	CHAR,0,14,14,8
  1307                        	.sym	LPVOID,0,129,14,32
  1308                        	.sym	VOID,0,1,14,32
  1309                        	end


      Lines assembled: 1309
      Errors: 0
